
   WARN  Metadata found in doc-comment for method Tests\Feature\Admin\ReportTest::admin_can_view_dashboard_with_date_filters(). Metadata in doc-comments is deprecated and will no longer be supported in PHPUnit 12. Update your test code to use attributes instead.

   WARN  Metadata found in doc-comment for method Tests\Feature\Admin\ReportTest::admin_can_export_orders_to_excel(). Metadata in doc-comments is deprecated and will no longer be supported in PHPUnit 12. Update your test code to use attributes instead.

   WARN  Metadata found in doc-comment for method Tests\Feature\Admin\ReportTest::admin_can_export_revenue_to_pdf(). Metadata in doc-comments is deprecated and will no longer be supported in PHPUnit 12. Update your test code to use attributes instead.

   FAIL  Tests\Feature\Admin\ReportTest
  ⨯ admin can view…  0.37s  
  ⨯ admin can expor… 0.02s  
  ✓ admin can expor… 0.26s  
  ────────────────────────  
   FAILED  Tests…  Error   
  Class "Database\Factories\OrderFactory" not found

  at vendor\laravel\framework\src\Illuminate\Database\Eloquent\Factories\Factory.php:993
    989▕     public static function factoryForModel(string $modelName)
    990▕     {
    991▕         $factory = static::resolveFactoryName($modelName);
    992▕ 
  ➜ 993▕         return $factory::new();
    994▕     }
    995▕ 
    996▕     /**
    997▕      * Specify the callback that should be invoked to guess factory names based on dynamic relationship names.

  1   vendor\laravel\framework\src\Illuminate\Database\Eloquent\Factories\Factory.php:993
  2   vendor\laravel\framework\src\Illuminate\Database\Eloquent\Factories\HasFactory.php:21

  ────────────────────────  
   FAILED  Tests\Feature\Admin\ReportTest > admin can export orders to excel  BindingResolutionException   
  Target class [excel] does not exist.

  at vendor\laravel\framework\src\Illuminate\Container\Container.php:1124
    1120▕ 
    1121▕         try {
    1122▕             $reflector = new ReflectionClass($concrete);
    1123▕         } catch (ReflectionException $e) {
  ➜ 1124▕             throw new BindingResolutionException("Target class [$concrete] does not exist.", 0, $e);
    1125▕         }
    1126▕ 
    1127▕         // If the type is not instantiable, the developer is attempting to resolve
    1128▕         // an abstract type such as an Interface or Abstract Class and there is

  1   vendor\laravel\framework\src\Illuminate\Container\Container.php:1124

  2   vendor\laravel\framework\src\Illuminate\Container\Container.php:1122
      NunoMaduro\Collision\Exceptions\TestException::("Class "excel" does not exist")


  Tests:    2 failed, 1 passed (3 assertions)
  Duration: 0.81s

