[bot.bizfly.vn/store_consulting9c87.html]
[backblue.gif]
[fade.gif]
[index.html]
[bot.bizfly.vn/images/store_consulting.png]
[bot.bizfly.vn/chat_web_box/index0f19.html]
[bot.bizfly.vn/store_consulting9c87.html]
[bot.bizfly.vn/currentSrc.html]
[bot.bizfly.vn/images/logo_BizflyChat.svg]
[bot.bizfly.vn/favicon.ico]
[bot.bizfly.vn/assets/chat_web_box.7f910a22.js]
[bot.bizfly.vn/assets/hmac-sha512.afd026d4.js]
[bot.bizfly.vn/assets/vendor_utils.73405f6d.js]
[bot.bizfly.vn/assets/vendor_ui_core.d804937a.js]
[bot.bizfly.vn/assets/vendor_vue.37713104.js]
[bot.bizfly.vn/assets/vendor_markdown.84127124.js]
[bot.bizfly.vn/assets/carousel.34b143c0.js]
[bot.bizfly.vn/assets/vendor_vue_plugins.901dfd39.js]
[bot.bizfly.vn/assets/vendor_charts.801e2ff3.js]
[bot.bizfly.vn/assets/vendor_http.27c72a61.js]
[bot.bizfly.vn/assets/vendor_ui_icons.8874a7df.js]
[bot.bizfly.vn/assets/vendor_emoji.1a98d736.js]
[bot.bizfly.vn/assets/carousel.aa2245b9.css]
[bot.bizfly.vn/assets/chat_web_box.5c2cf8b8.css]
[bot.bizfly.vn/chat_web_box/index0f19.html]
[bot.bizfly.vn/images/logo-bizfly-vccorp.svg]
[chatbizfly.mediacdn.vn/2025/8/11/livechat-v2/img/1754896924606102723fingerprintjsjs.js]
[bot.bizfly.vn/favicon-chatai.png]
[bot.bizfly.vn/assets/main.5d8164b0.js]
[bot.bizfly.vn/assets/vendor_excel.622e1482.js]
[bot.bizfly.vn/assets/vendor_pdf.27b2a599.js]
[bot.bizfly.vn/assets/encrypt.c9842977.js]
[bot.bizfly.vn/assets/vendor_qr.9346a4e9.js]
[bot.bizfly.vn/assets/vendor_socket.ea33612f.js]
[bot.bizfly.vn/assets/main.49449efc.css]
[connect.facebook.net/vi_VN/sdk.js]
[bot.bizfly.vn/currentSrc.html]
[bot.bizfly.vn/assets/carousel.aa2245b9.css]
[bot.bizfly.vn/assets/chat_web_box.5c2cf8b8.css]
[crm.bizfly.vn/services/sdkec92.js]
[unpkg.com/emoji-datasource-apple@6.0.1/img/apple/sheets-256/64.png]
[bot.bizfly.vn/assets/main.49449efc.css]
[connect.facebook.net/vi_VN/sdk.js]
